; Top Design: "coupled-line-coupler_lib:transmissionline_line_couplers:schematic"
; Netlisted using Hierarchy Policy: "Standard"

Options ResourceUsage=yes UseNutmegFormat=no EnableOptim=no TopDesignName="coupled-line-coupler_lib:transmissionline_line_couplers:schematic" DcopOutputNodeVoltages=yes DcopOutputPinCurrents=yes DcopOutputAllSweepPoints=no DcopOutputDcopType=0
S_Param:SP1 CalcS=yes CalcY=no CalcZ=no GroupDelayAperture=1e-4 FreqConversion=no FreqConversionPort=1 StatusLevel=2 CalcNoise=no SortNoise=0 BandwidthForNoise=1.0 Hz DevOpPtLevel=0 SPSS_WSP=yes \
SweepVar="freq" SweepPlan="SP1_stim" OutputPlan="SP1_Output" 

SweepPlan: SP1_stim Start=50 GHz Stop=70 GHz Lin=40 

OutputPlan:SP1_Output \
      Type="Output" \
      UseEquationNestLevel=yes \
      EquationNestLevel=2 \
      UseSavedEquationNestLevel=yes \
      SavedEquationNestLevel=2

#load "python","LinearCollapse"
Component Module="LinearCollapse" Type="ModelExtractor" NetworkRepresentation=2
model MSub1 MSUB H=0.254 mm Er=3.02 Mur=1 Cond=5.8e+7 Hu=3.9e+34 T=35 um TanD=0.002 Rough=0 um DielectricLossModel=1 FreqForEpsrTanD=1.0 GHz LowFreqForTanD=1.0 kHz HighFreqForTanD=1.0 THz RoughnessModel=2 
MCLIN:CLin1  N__8 N__14 N__18 N__21 Subst="MSub1" W=146.141 um S=389.755 um L=707.745 um 
MLIN2:TL17  N__21 N__11 Subst="MSub1" W=146.141 um L=323.91 um Wall1=1.0E+30 um Wall2=1.0E+30 um Mod=1 
MLIN2:TL16  N__8 N__12 Subst="MSub1" W=146.141 um L=323.91 um Wall1=1.0E+30 um Wall2=1.0E+30 um Mod=1 
MLIN2:TL13  N__18 N__4 Subst="MSub1" W=146.141 um L=289.42 um Wall1=1.0E+30 um Wall2=1.0E+30 um Mod=1 
MLIN2:TL12  N__14 N__3 Subst="MSub1" W=146.141 um L=323.91 um Wall1=1.0E+30 um Wall2=1.0E+30 um Mod=1 
Port:TermG4  N__4 0 Num=4 Z=50 Ohm Noise=yes 
MLIN2:TL14  N__21 N__2 Subst="MSub1" W=146.141 um L=289.42 um Wall1=1.0E+30 um Wall2=1.0E+30 um Mod=1 
MLIN2:TL15  N__7 N__8 Subst="MSub1" W=146.141 um L=289.42 um Wall1=1.0E+30 um Wall2=1.0E+30 um Mod=1 
Port:TermG1  N__7 0 Num=1 Z=50 Ohm Noise=yes 
Port:TermG2  N__2 0 Num=2 Z=50 Ohm Noise=yes 
Port:TermG3  N__1 0 Num=3 Z=50 Ohm Noise=yes 
MLIN2:TL9  N__1 N__14 Subst="MSub1" W=146.141 um L=289.42 um Wall1=1.0E+30 um Wall2=1.0E+30 um Mod=1 
MLIN2:TL18  N__18 N__0 Subst="MSub1" W=146.141 um L=323.91 um Wall1=1.0E+30 um Wall2=1.0E+30 um Mod=1 
