License checkout took 0.224 sec
License checkout took 0.144 sec
Momentum MomEngine_64 2024.20.133 (*) built: Mar 27 2024
Copyright  1992 - 2024 Keysight Technologies
Simulation started on: Sun Nov  2 11:43:28 2025
Simulation Mode: uW
Substrate valid
Automatically determined a snap distance of
0.053 um for layout healing.
Layout simplification started
.........|.........|.........|.........| 
Layout simplification finished
Generating mesh at 100 GHz...
S-parameter simulation
S-parameter simulation started
...initializing
...expanding thick conductors
...extracting layout
...analyzing ports
...reducing mesh
Automatic selection: direct dense matrix solver
Using multi-threading (8 threads)
Matrix size: 652 (reduced: 652)

--- WARNING -------------------------------------------------------------------

The distance between the layout pins for port 1 is electrically large 
above 29.7039 GHz, S-parameters may become unphysical.

-------------------------------------------------------------------------------

--- WARNING -------------------------------------------------------------------

The distance between the layout pins for port 2 is electrically large 
above 29.7039 GHz, S-parameters may become unphysical.

-------------------------------------------------------------------------------

--- WARNING -------------------------------------------------------------------

The distance between the layout pins for port 3 is electrically large 
above 29.7039 GHz, S-parameters may become unphysical.

-------------------------------------------------------------------------------

--- WARNING -------------------------------------------------------------------

The distance between the layout pins for port 4 is electrically large 
above 29.7039 GHz, S-parameters may become unphysical.

-------------------------------------------------------------------------------
Simulation temperature: 298.15 K
Adaptive frequency sweep started
Simulation frequency [1] = 10 GHz
...loading Green functions
...creating Basis sections
...allocating interaction matrix
...loading interaction matrix
.........|.........|.........|.........| 
...solving interaction matrix
.........|.........|.........|.........| 
...calculating S-parameters
Simulation frequency [2] = 100 GHz
...loading Green functions
...loading interaction matrix
.........|.........|.........|.........| 
...solving interaction matrix
.........|.........|.........|.........| 
...calculating S-parameters

--- WARNING -------------------------------------------------------------------

S-parameter data show unphysical behavior for certain frequencies.
Cause        : - electrically large port size
               - electrically large via using lumped model
               - mesh density is too coarse
               - matrix solver compression is too high
               - inaccurate (high frequency) calibration

-------------------------------------------------------------------------------
Adaptive:   0.0 % of frequency range covered
Simulation frequency [3] = 70 GHz
...loading Green functions
...loading interaction matrix
.........|.........|.........|.........| 
...solving interaction matrix
.........|.........|.........|.........| 
...calculating S-parameters
Simulation frequency [4] = 40 GHz
...loading Green functions
...loading interaction matrix
.........|.........|.........|.........| 
...solving interaction matrix
.........|.........|.........|.........| 
...calculating S-parameters
Simulation frequency [5] = 90 GHz
...loading Green functions
...loading interaction matrix
.........|.........|.........|.........| 
...solving interaction matrix
.........|.........|.........|.........| 
...calculating S-parameters
Simulation frequency [6] = 55 GHz
...loading Green functions
...loading interaction matrix
.........|.........|.........|.........| 
...solving interaction matrix
.........|.........|.........|.........| 
...calculating S-parameters
Simulation frequency [7] = 96.6667 GHz
...loading Green functions
...loading interaction matrix
.........|.........|.........|.........| 
...solving interaction matrix
.........|.........|.........|.........| 
...calculating S-parameters
Simulation frequency [8] = 20 GHz
...loading Green functions
...loading interaction matrix
.........|.........|.........|.........| 
...solving interaction matrix
.........|.........|.........|.........| 
...calculating S-parameters
Adaptive: 100.0 % of frequency range covered
S-parameter simulation finished
Simulation finished on: Sun Nov  2 11:43:30 2025
The simulation results have been saved in dataset "ideal_coupled_line_couplers_MomUW".
