==============================================================================

                  ------ MOMENTUM STATISTICS (MW mode) ------

              Momentum MomEngine_64 2024.20.133 (*) built: Mar 27 2024
                           Sun Nov  2 16:00:15 2025

==============================================================================


------------------------------------------------------------------------------
MESH
------------------------------------------------------------------------------
 Frequency         : 75 GHz

 Rectangular cells : 124
 Triangular cells  : 24
 Via cells         : 0

 Edge currents     : 282

------------------------------------------------------------------------------
SOLVER                        USER TIME      ELAPSED TIME      MEMORY         
PROCESSES                      (h:m:s)          (h:m:s)         (MB)          
------------------------------------------------------------------------------

SIMULATION SET-UP
-----------------
 Initialization           |     0: 0: 0   |     0: 0: 0   |     35.86   
 Ports analysis           |     0: 0: 0   |     0: 0: 1   |      0.07   
 Mesh processing          |     0: 0: 0   |     0: 0: 0   |     15.43   

 Matrix size : 956
 Reduced matrix size : 956
 Estimated process size is below 256.00 MB

 Simulation temperature : 298.15 K

1. SIMULATION FREQUENCY = 40 GHz 
-------------------------
 Green functions          |     0: 0: 0   |     0: 0: 0   |      1.46   
 Basis creation           |     0: 0: 0   |     0: 0: 0   |      8.89   
 Matrix load              |     0: 0: 1   |     0: 0: 0   |     38.39   
 Matrix solve             |     0: 0: 0   |     0: 0: 0   |      2.71   
 S parameters             |     0: 0: 0   |     0: 0: 0   |      0.02   

2. SIMULATION FREQUENCY = 75 GHz 
-------------------------
 Green functions          |     0: 0: 1   |     0: 0: 0   |      0.58   
 Matrix load              |     0: 0: 1   |     0: 0: 0   |     18.83   
 Matrix solve             |     0: 0: 1   |     0: 0: 0   |      0.00   
 S parameters             |     0: 0: 0   |     0: 0: 0   |      0.00   
 Adaptive sampling        |     0: 0: 0   |     0: 0: 0   |      0.00   

3. SIMULATION FREQUENCY = 63.3333 GHz 
-------------------------
 Green functions          |     0: 0: 0   |     0: 0: 0   |      0.00   
 Matrix load              |     0: 0: 1   |     0: 0: 1   |      1.33   
 Matrix solve             |     0: 0: 1   |     0: 0: 0   |      0.00   
 S parameters             |     0: 0: 0   |     0: 0: 0   |      0.00   
 Adaptive sampling        |     0: 0: 0   |     0: 0: 0   |      0.00   

4. SIMULATION FREQUENCY = 51.6667 GHz 
-------------------------
 Green functions          |     0: 0: 0   |     0: 0: 0   |      0.00   
 Matrix load              |     0: 0: 1   |     0: 0: 0   |      0.41   
 Matrix solve             |     0: 0: 1   |     0: 0: 0   |      0.00   
 S parameters             |     0: 0: 0   |     0: 0: 0   |      0.00   
 Adaptive sampling        |     0: 0: 0   |     0: 0: 0   |      0.21   

5. SIMULATION FREQUENCY = 71.1111 GHz 
-------------------------
 Green functions          |     0: 0: 0   |     0: 0: 0   |      0.00   
 Matrix load              |     0: 0: 2   |     0: 0: 1   |      0.56   
 Matrix solve             |     0: 0: 0   |     0: 0: 0   |      0.00   
 S parameters             |     0: 0: 0   |     0: 0: 0   |      0.00   
 Adaptive sampling        |     0: 0: 0   |     0: 0: 0   |      0.00   

------------------------------------------------------------------------------
TOTALS
------------------------------------------------------------------------------
 Nr of Frequencies   : 5 

 Physical memory :   124.76 MB
 Virtual memory  :   141.36 MB
 Page faults     :       33550
 User Time       :    0h 0m10s
 Elapsed Time    :    0h 0m 3s

==============================================================================

