==============================================================================

                  ------ MOMENTUM STATISTICS (MW mode) ------

              Momentum MomEngine_64 2024.20.133 (*) built: Mar 27 2024
                           Sun Nov  2 16:52:30 2025

==============================================================================


------------------------------------------------------------------------------
MESH
------------------------------------------------------------------------------
 Frequency          : 70 GHz

 Rectangular cells  : 369
 Quadrangular cells : 491
 Triangular cells   : 292
 Via cells          : 0

 Edge currents      : 2058

------------------------------------------------------------------------------
SOLVER                        USER TIME      ELAPSED TIME      MEMORY         
PROCESSES                      (h:m:s)          (h:m:s)         (MB)          
------------------------------------------------------------------------------

SIMULATION SET-UP
-----------------
 Initialization           |     0: 0: 0   |     0: 0: 0   |     44.57   
 Ports analysis           |     0: 0: 0   |     0: 0: 0   |      0.06   
 Mesh processing          |     0: 0: 0   |     0: 0: 0   |     43.00   

 Matrix size : 5880
 Reduced matrix size : 5880
 Estimated process size : 1119.85 MB

 Simulation temperature : 298.15 K

1. SIMULATION FREQUENCY = 60 GHz 
-------------------------
 Green functions          |     0: 0: 0   |     0: 0: 1   |      1.50   
 Basis creation           |     0: 0: 1   |     0: 0: 0   |     67.07   
 Matrix load              |     0: 1: 2   |     0: 0: 9   |    183.35   
 Matrix solve             |     0: 0: 4   |     0: 0: 1   |     83.73   
 S parameters             |     0: 0: 0   |     0: 0: 0   |      0.00   

2. SIMULATION FREQUENCY = 70 GHz 
-------------------------
 Green functions          |     0: 0: 1   |     0: 0: 0   |      0.00   
 Matrix load              |     0: 1: 3   |     0: 0: 9   |      1.02   
 Matrix solve             |     0: 0: 2   |     0: 0: 1   |      1.78   
 S parameters             |     0: 0: 0   |     0: 0: 0   |      0.06   
 Adaptive sampling        |     0: 0: 1   |     0: 0: 0   |      0.02   

3. SIMULATION FREQUENCY = 66.6667 GHz 
-------------------------
 Green functions          |     0: 0: 0   |     0: 0: 0   |      0.02   
 Matrix load              |     0: 1: 6   |     0: 0: 9   |      3.12   
 Matrix solve             |     0: 0: 2   |     0: 0: 0   |      0.00   
 S parameters             |     0: 0: 0   |     0: 0: 0   |      0.00   
 Adaptive sampling        |     0: 0: 0   |     0: 0: 0   |      0.00   

4. SIMULATION FREQUENCY = 63.3333 GHz 
-------------------------
 Green functions          |     0: 0: 1   |     0: 0: 0   |      0.00   
 Matrix load              |     0: 1: 9   |     0: 0:11   |      0.09   
 Matrix solve             |     0: 0: 2   |     0: 0: 0   |      0.00   
 S parameters             |     0: 0: 0   |     0: 0: 0   |      0.00   
 Adaptive sampling        |     0: 0: 0   |     0: 0: 0   |      0.23   

5. SIMULATION FREQUENCY = 68.8889 GHz 
-------------------------
 Green functions          |     0: 0: 0   |     0: 0: 0   |      0.00   
 Matrix load              |     0: 1:25   |     0: 0:13   |      2.11   
 Matrix solve             |     0: 0: 2   |     0: 0: 0   |      0.00   
 S parameters             |     0: 0: 0   |     0: 0: 0   |      0.00   
 Adaptive sampling        |     0: 0: 0   |     0: 0: 0   |      0.00   

------------------------------------------------------------------------------
TOTALS
------------------------------------------------------------------------------
 Nr of Frequencies   : 5 

 Physical memory :   431.74 MB
 Virtual memory  :   612.50 MB
 Page faults     :      159884
 User Time       :    0h 6m 1s
 Elapsed Time    :    0h 0m54s

==============================================================================

