License checkout took 0.090 sec
License checkout took 0.066 sec
Momentum MomEngine_64 2024.20.133 (*) built: Mar 27 2024
Copyright  1992 - 2024 Keysight Technologies
Simulation started on: Sun Nov  2 11:01:46 2025
Simulation Mode: uW
Substrate valid
Using the minimal snap distance of 0.004 um
(4 layout resolution points) for layout healing.

--- WARNING -------------------------------------------------------------------

Layout healing changed the layout. The actual
highest aggregate snap distance was 0.001 um.
Further details have been written to the DRC
report.

-------------------------------------------------------------------------------
Layout simplification started
.........|.........|.........|.........| 
Layout simplification finished
Generating mesh at 70 GHz...
S-parameter simulation
S-parameter simulation started
...initializing
...expanding thick conductors
...extracting layout
...analyzing ports
...reducing mesh
Automatic selection: direct dense matrix solver
Using multi-threading (8 threads)
Matrix size: 1676 (reduced: 1676)

--- WARNING -------------------------------------------------------------------

The distance between the layout pins for port 1 is electrically large 
above 29.6991 GHz, S-parameters may become unphysical.

-------------------------------------------------------------------------------

--- WARNING -------------------------------------------------------------------

The distance between the layout pins for port 2 is electrically large 
above 29.6991 GHz, S-parameters may become unphysical.

-------------------------------------------------------------------------------

--- WARNING -------------------------------------------------------------------

The distance between the layout pins for port 3 is electrically large 
above 29.6991 GHz, S-parameters may become unphysical.

-------------------------------------------------------------------------------

--- WARNING -------------------------------------------------------------------

The distance between the layout pins for port 4 is electrically large 
above 29.6991 GHz, S-parameters may become unphysical.

-------------------------------------------------------------------------------
Simulation temperature: 298.15 K
Adaptive frequency sweep started
Simulation frequency [1] = 50 GHz
...loading Green functions
...creating Basis sections
...allocating interaction matrix
...loading interaction matrix
.........|.........|.........|.........| 
...solving interaction matrix
.........|.........|.........|.........| 
...calculating S-parameters
Simulation frequency [2] = 70 GHz
...loading Green functions
...loading interaction matrix
.........|.........|.........|.........| 
...solving interaction matrix
.........|.........|.........|.........| 
...calculating S-parameters

--- WARNING -------------------------------------------------------------------

S-parameter data show unphysical behavior for certain frequencies.
Cause        : - electrically large port size
               - electrically large via using lumped model
               - mesh density is too coarse
               - matrix solver compression is too high
               - inaccurate (high frequency) calibration

-------------------------------------------------------------------------------
Adaptive:   0.0 % of frequency range covered
Simulation frequency [3] = 63.3333 GHz
...loading Green functions
...loading interaction matrix
.........|.........|.........|.........| 
...solving interaction matrix
.........|.........|.........|.........| 
...calculating S-parameters
Simulation frequency [4] = 56.6667 GHz
...loading Green functions
...loading interaction matrix
.........|.........|.........|.........| 
...solving interaction matrix
.........|.........|.........|.........| 
...calculating S-parameters
Simulation frequency [5] = 67.7778 GHz
...loading Green functions
...loading interaction matrix
.........|.........|.........|.........| 
...solving interaction matrix
.........|.........|.........|.........| 
...calculating S-parameters
Adaptive: 100.0 % of frequency range covered
S-parameter simulation finished
Simulation finished on: Sun Nov  2 11:01:53 2025
The simulation results have been saved in dataset "transmissionline_line_couplers_MomUW".
